// Jest Snapshot v1, https://goo.gl/fbAQLP

exports[`full integration test build providers 1`] = `
"Deploying Stack: [1musing-all-providers[22m
[1mResources[22m
 [32mâœ”Â [39mNULL_RESOURCE       test                [90mnull_resource.test[39m


[1mSummary: [22m1 created, 0 updated, 0 destroyed.
"
`;
