// Jest Snapshot v1, https://goo.gl/fbAQLP

exports[`Go full integration test synth synth generates JSON 1`] = `
"{
  \\"//\\": {
    \\"metadata\\": {
      \\"backend\\": \\"local\\",
      \\"stackName\\": \\"go-simple\\",
<<<<<<< HEAD
      \\"backend\\": \\"local\\"
    }
  },
  \\"terraform\\": {
    \\"backend\\": {
      \\"local\\": {
        \\"path\\": \\"terraform.tfstate\\"
      }
    },
    \\"required_providers\\": {
      \\"random\\": {
        \\"version\\": \\"~> 3.1.0\\",
        \\"source\\": \\"hashicorp/random\\"
      }
<<<<<<< HEAD
=======
    },
    \\"backend\\": {
      \\"local\\": {}
=======
      \\"version\\": \\"stubbed\\"
>>>>>>> 967a8694 (feat(lib): produce stable `cdk.tf.json` output)
>>>>>>> d7803082 (feat(lib): produce stable `cdk.tf.json` output)
    }
  },
  \\"provider\\": {
    \\"random\\": [
      {}
    ]
  },
  \\"resource\\": {
    \\"random_pet\\": {
      \\"pet\\": {
        \\"//\\": {
          \\"metadata\\": {
            \\"path\\": \\"go-simple/pet\\",
            \\"uniqueId\\": \\"pet\\"
          }
        },
        \\"prefix\\": \\"my\\"
      }
    }
  },
  \\"terraform\\": {
    \\"required_providers\\": {
      \\"random\\": {
        \\"source\\": \\"hashicorp/random\\",
        \\"version\\": \\"~> 3.1.0\\"
      }
    }
  }
}"
`;
