// Jest Snapshot v1, https://goo.gl/fbAQLP

exports[`python full integration test assets synth generates JSON and copies files 1`] = `
"{
  \\"//\\": {
    \\"metadata\\": {
      \\"backend\\": \\"local\\",
      \\"stackName\\": \\"python-assets\\",
      \\"version\\": \\"stubbed\\"
    }
  },
  \\"output\\": {
    \\"fixtureoutput\\": {
      \\"value\\": \\"assets/fixture/hash/fixture.txt\\"
    },
    \\"fixturesoutput\\": {
      \\"value\\": \\"assets/fixtures/hash/archive.zip\\"
    }
  },
  \\"provider\\": {
    \\"null\\": [
      {}
    ]
  },
  \\"resource\\": {
    \\"null_resource\\": {
      \\"nullresource\\": {
        \\"//\\": {
          \\"metadata\\": {
            \\"path\\": \\"python-assets/null-resource\\",
            \\"uniqueId\\": \\"nullresource\\"
          }
        }
      }
    }
  },
  \\"terraform\\": {
    \\"backend\\": {
      \\"local\\": {
        \\"path\\": \\"terraform.tfstate\\"
      }
    },
    \\"required_providers\\": {
      \\"null\\": {
        \\"source\\": \\"hashicorp/null\\",
        \\"version\\": \\"~> 3.1.0\\"
      }
    }
  }
}"
`;

exports[`python full integration test assets synth generates JSON and copies files 2`] = `"This is a fixture"`;
