// Jest Snapshot v1, https://goo.gl/fbAQLP

exports[`full integration test synth 1`] = `
"{
  \\"//\\": {
    \\"metadata\\": {
      \\"backend\\": \\"local\\",
      \\"overrides\\": {
        \\"null_resource\\": [
          \\"provisioner\\"
        ]
      },
      \\"stackName\\": \\"first\\",
      \\"version\\": \\"stubbed\\"
    }
  },
  \\"provider\\": {
    \\"null\\": [
      {}
    ]
  },
  \\"resource\\": {
    \\"null_resource\\": {
      \\"test\\": {
        \\"//\\": {
          \\"metadata\\": {
            \\"path\\": \\"first/test\\",
            \\"uniqueId\\": \\"test\\"
          }
        },
        \\"provisioner\\": [
          {
            \\"local-exec\\": {
              \\"command\\": \\"echo \\\\\\"hello deploy\\\\\\"\\"
            }
          }
        ]
      }
    }
  },
  \\"terraform\\": {
    \\"backend\\": {
      \\"local\\": {
        \\"path\\": \\"terraform.tfstate\\"
      }
    },
    \\"required_providers\\": {
      \\"null\\": {
        \\"source\\": \\"null\\",
        \\"version\\": \\" ~> 3.1.0\\"
      }
    }
  }
}"
`;

exports[`full integration test synth 2`] = `
"{
  \\"//\\": {
    \\"metadata\\": {
      \\"backend\\": \\"local\\",
      \\"overrides\\": {
        \\"null_resource\\": [
          \\"provisioner\\"
        ]
      },
      \\"stackName\\": \\"second\\",
      \\"version\\": \\"stubbed\\"
    }
  },
  \\"provider\\": {
    \\"null\\": [
      {}
    ]
  },
  \\"resource\\": {
    \\"null_resource\\": {
      \\"test\\": {
        \\"//\\": {
          \\"metadata\\": {
            \\"path\\": \\"second/test\\",
            \\"uniqueId\\": \\"test\\"
          }
        },
        \\"provisioner\\": [
          {
            \\"local-exec\\": {
              \\"command\\": \\"echo \\\\\\"hello deploy\\\\\\"\\"
            }
          }
        ]
      }
    }
  },
  \\"terraform\\": {
    \\"backend\\": {
      \\"local\\": {
        \\"path\\": \\"terraform.tfstate\\"
      }
    },
    \\"required_providers\\": {
      \\"null\\": {
        \\"source\\": \\"null\\",
        \\"version\\": \\" ~> 3.1.0\\"
      }
    }
  }
}"
`;

exports[`full integration test synth with json output 1`] = `
"{
  \\"//\\": {
    \\"metadata\\": {
      \\"backend\\": \\"local\\",
      \\"overrides\\": {
        \\"null_resource\\": [
          \\"provisioner\\"
        ]
      },
      \\"stackName\\": \\"first\\",
      \\"version\\": \\"stubbed\\"
    }
  },
  \\"provider\\": {
    \\"null\\": [
      {}
    ]
  },
  \\"resource\\": {
    \\"null_resource\\": {
      \\"test\\": {
        \\"//\\": {
          \\"metadata\\": {
            \\"path\\": \\"first/test\\",
            \\"uniqueId\\": \\"test\\"
          }
        },
        \\"provisioner\\": [
          {
            \\"local-exec\\": {
              \\"command\\": \\"echo \\\\\\"hello deploy\\\\\\"\\"
            }
          }
        ]
      }
    }
  },
  \\"terraform\\": {
    \\"backend\\": {
      \\"local\\": {
        \\"path\\": \\"terraform.tfstate\\"
      }
    },
    \\"required_providers\\": {
      \\"null\\": {
        \\"source\\": \\"null\\",
        \\"version\\": \\" ~> 3.1.0\\"
      }
    }
  }
}
"
`;
