// Jest Snapshot v1, https://goo.gl/fbAQLP

exports[`python terraform functions test synth synth generates JSON 1`] = `
"{
  \\"//\\": {
    \\"metadata\\": {
      \\"backend\\": \\"local\\",
      \\"overrides\\": {
        \\"null_resource\\": [
          \\"triggers\\"
        ],
        \\"stack\\": [
          \\"terraform\\"
        ]
      },
      \\"stackName\\": \\"python-simple\\",
      \\"version\\": \\"stubbed\\"
    }
  },
<<<<<<< HEAD
  \\"terraform\\": {
    \\"backend\\": {
      \\"local\\": {
        \\"path\\": \\"terraform.tfstate\\"
      },
      \\"remote\\": {
        \\"organization\\": \\"test\\",
        \\"workspaces\\": {
          \\"name\\": \\"test\\"
        }
      }
<<<<<<< HEAD
    },
    \\"required_providers\\": {
      \\"null\\": {
        \\"version\\": \\"~> 3.1.0\\",
        \\"source\\": \\"hashicorp/null\\"
      }
=======
=======
  \\"output\\": {
    \\"computed\\": {
      \\"value\\": \\"\${element(merge({id = null_resource.nullresource.id}, {value = \\\\\\"123\\\\\\"}), 1)}\\"
>>>>>>> 967a8694 (feat(lib): produce stable `cdk.tf.json` output)
>>>>>>> d7803082 (feat(lib): produce stable `cdk.tf.json` output)
    }
  },
  \\"provider\\": {
    \\"null\\": [
      {}
    ]
  },
  \\"resource\\": {
    \\"null_resource\\": {
      \\"nullresource\\": {
        \\"//\\": {
          \\"metadata\\": {
            \\"path\\": \\"python-simple/null-resource\\",
            \\"uniqueId\\": \\"nullresource\\"
          }
        },
        \\"triggers\\": {
          \\"cluster_instance_ids\\": \\"foo\\"
        }
      }
    }
  },
  \\"terraform\\": {
    \\"backend\\": {
      \\"remote\\": {
        \\"organization\\": \\"test\\",
        \\"workspaces\\": {
          \\"name\\": \\"test\\"
        }
      }
    },
    \\"required_providers\\": {
      \\"null\\": {
        \\"source\\": \\"hashicorp/null\\",
        \\"version\\": \\"~> 3.1.0\\"
      }
    }
  }
}"
`;
